Step 1: created GitHub repository

Step 2: Run the commands as shown below:

> md GitHubRepoAssignment
> cd GitHubRepoAssignment
\GitHubRepoAssignment>git init
\GitHubRepoAssignment>copy nul readme.md
\GitHubRepoAssignment>readme.md .

In this step added some text to the readme.md file.

\GitHubRepoAssignment>git status

output:
On branch master

Initial commit

Untracked files:
  (use "git add <file>..." to include in what will be committed)

        readme.md

nothing added to commit but untracked files present (use "git add" to track)


\GitHubRepoAssignment>git add .
\GitHubRepoAssignment>git status

output:
On branch master

Initial commit

Changes to be committed:
  (use "git rm --cached <file>..." to unstage)

        new file:   readme.md


\GitHubRepoAssignment>git commit -m "Added readme.md file"
\GitHubRepoAssignment>git remote add origin https://github.com/pharika31/GitHubRepoAssignment.git
\GitHubRepoAssignment>git push -u origin master

Step 3: Checked GitHub respository which shows the Readme file as in local repository.
